C51 COMPILER V9.53.0.0   USERCLOCK                                                         06/07/2018 16:49:46 PAGE 1   


C51 COMPILER V9.53.0.0, COMPILATION OF MODULE USERCLOCK
OBJECT MODULE PLACED IN .\src\userclock.OBJ
COMPILER INVOKED BY: c:\SiliconLabs\SimplicityStudio\v3\developer\toolchains\keil_8051\9.53\BIN\C51.exe D:\VM\share\EFM8
                    -_PROJ\SONOFF-C1-EFM8\src\userclock.c OMF2 SMALL DEBUG OBJECTEXTEND ROM(LARGE) WARNINGLEVEL(2) FLOATFUZZY(3) OPTIMIZE(8,S
                    -PEED) DEFINE(DEBUG=1) INTVECTOR(0X0000) INTPROMOTE INCDIR(D:/VM/share/EFM8_PROJ/SONOFF-C1-EFM8/inc;C:/SiliconLabs/Simpli
                    -cityStudio/v3/developer/sdks/si8051/v3//Device/shared/si8051Base;C:/SiliconLabs/SimplicityStudio/v3/developer/sdks/si805
                    -1/v3//Device/EFM8BB1;C:/SiliconLabs/SimplicityStudio/v3/developer/sdks/si8051/v3//Device/EFM8BB1/inc) PRINT(.\src\usercl
                    -ock.lst) COND PAGEWIDTH(120) PAGELENGTH(65) OBJECT(.\src\userclock.OBJ)

line level    source

   1          #include "logic.h"
   2          #include "userclock.h"
   3          //  全局变量
   4          
   5          
   6          //-------------------------------------------------------------------------------------------------
   7          uint8_t  clk_flag = 0;
   8          static uint8_t  clk_cnt = 0;
   9          
  10          
  11          //  软件配置
  12          //-------------------------------------------------------------------------------------------------
  13          #define SYS_CNT_50MS  5      // fClkIntCnt 1MS的计数次数  根据定时器变化
  14          
  15          //-------------------------------------------------------------------------------------------------
  16          //  函数名称: void getClock(void);
  17          //  函数功能: 获取时钟标志
  18          //  输入参数: FClk_1msInt     SYS_CNT_1MS
  19          //  输出参数: fClkFlag0 fClkFlag1
  20          //-------------------------------------------------------------------------------------------------
  21          
  22          void getClock(void)
  23          {
  24   1        uint8_t temp;
  25   1        clk_flag = 0;
  26   1        if(clkIntCnt >= SYS_CNT_50MS)
  27   1        {
  28   2          clkIntCnt -= SYS_CNT_50MS;
  29   2          temp = clk_cnt;
  30   2          clk_flag  = temp ^ (++clk_cnt);
  31   2        }
  32   1      }
  33          


MODULE INFORMATION:   STATIC OVERLAYABLE
   CODE SIZE        =     26    ----
   CONSTANT SIZE    =   ----    ----
   XDATA SIZE       =   ----    ----
   PDATA SIZE       =   ----    ----
   DATA SIZE        =      2    ----
   IDATA SIZE       =   ----    ----
   BIT SIZE         =   ----    ----
   EDATA SIZE       =   ----    ----
   HDATA SIZE       =   ----    ----
   XDATA CONST SIZE =   ----    ----
   FAR CONST SIZE   =   ----    ----
END OF MODULE INFORMATION.


C51 COMPILATION COMPLETE.  0 WARNING(S),  0 ERROR(S)
