C51 COMPILER V9.53.0.0   WIRELESS_LED                                                      06/07/2018 16:33:03 PAGE 1   


C51 COMPILER V9.53.0.0, COMPILATION OF MODULE WIRELESS_LED
OBJECT MODULE PLACED IN .\src\wireless_led.OBJ
COMPILER INVOKED BY: c:\SiliconLabs\SimplicityStudio\v3\developer\toolchains\keil_8051\9.53\BIN\C51.exe D:\VM\share\EFM8
                    -_PROJ\SONOFF-C1-EFM8\src\wireless_led.c OMF2 SMALL DEBUG OBJECTEXTEND ROM(LARGE) WARNINGLEVEL(2) FLOATFUZZY(3) OPTIMIZE(
                    -9,SPEED) DEFINE(NDEBUG=1) INTVECTOR(0X0000) INTPROMOTE INCDIR(D:/VM/share/EFM8_PROJ/SONOFF-C1-EFM8/inc;C:/SiliconLabs/Si
                    -mplicityStudio/v3/developer/sdks/si8051/v3//Device/shared/si8051Base;C:/SiliconLabs/SimplicityStudio/v3/developer/sdks/s
                    -i8051/v3//Device/EFM8BB1;C:/SiliconLabs/SimplicityStudio/v3/developer/sdks/si8051/v3//Device/EFM8BB1/inc) REGFILE(Sonoff
                    --C1-EFM8.ORC) PRINT(.\src\wireless_led.lst) COND PAGEWIDTH(120) PAGELENGTH(65) OBJECT(.\src\wireless_led.OBJ)

line level    source

   1          /*
   2           * wireless_led.c
   3           *
   4           *  Created on: 2017-3-29
   5           *      Author: Administrator
   6           */
   7          #include "wireless_led.h"
   8          #include "userclock.h"
   9          
  10          
  11          static uint8_t bibi_time = 0;
  12          
  13          void buzzerTimes(uint8_t times)
  14          {
  15   1          bibi_time = times;
  16   1      }
  17          
  18          
  19          void buzzerScan(void)
  20          {
  21   1          static uint8_t buzzCnt = 0;
  22   1      
  23   1          if(!FClk_10MS)
  24   1          {
  25   2              return;
  26   2          }
  27   1          if(bibi_time == 0)
  28   1          {
  29   2              return;
  30   2          }
  31   1          ++buzzCnt;
  32   1          if(buzzCnt== 1)
  33   1          {
  34   2              BUZZER = 1;
  35   2          }
  36   1          else if(buzzCnt== 40)
  37   1          {
  38   2              BUZZER = 0;
  39   2          }
  40   1          else if(buzzCnt== 80)
  41   1          {
  42   2              buzzCnt = 0;
  43   2              bibi_time--;
  44   2          }
  45   1          
  46   1      }
  47          
  48          
  49          
  50          
  51          
C51 COMPILER V9.53.0.0   WIRELESS_LED                                                      06/07/2018 16:33:03 PAGE 2   



MODULE INFORMATION:   STATIC OVERLAYABLE
   CODE SIZE        =     41    ----
   CONSTANT SIZE    =   ----    ----
   XDATA SIZE       =   ----    ----
   PDATA SIZE       =   ----    ----
   DATA SIZE        =      2    ----
   IDATA SIZE       =   ----    ----
   BIT SIZE         =   ----    ----
   EDATA SIZE       =   ----    ----
   HDATA SIZE       =   ----    ----
   XDATA CONST SIZE =   ----    ----
   FAR CONST SIZE   =   ----    ----
END OF MODULE INFORMATION.


C51 COMPILATION COMPLETE.  0 WARNING(S),  0 ERROR(S)
